// Jest Snapshot v1, https://goo.gl/fbAQLP

exports[`Footer Snapchot should test UI of component 1`] = `
<div
  className="Footer class"
>
  <p
    className="Footer-title"
  >
    Platzi Store
  </p>
  <p
    className="Footer-copy"
  >
    Todos los Izquierdos Reservados
  </p>
</div>
`;
